total=120 pending=115 already_done=5 mock=0
[1/115] sweep1--fable--high--bare--t1-ts-b--r1 ...
    pass=True reason=ok tok_in=19401 tok_out=1701 wall=58.01s turns=6 loc=1460
[2/115] sweep1--fable--medium--bare--t1-ts-b--r1 ...
    pass=True reason=ok tok_in=19398 tok_out=1737 wall=53.84s turns=6 loc=1468
[3/115] sweep1--sol--high--bare--t1-ts-b--r1 ...
    pass=True reason=ok tok_in=215012 tok_out=2270 wall=63.6s turns=1 loc=8
[4/115] sweep1--sol--medium--bare--t1-ts-b--r1 ...
    pass=True reason=ok tok_in=156434 tok_out=1517 wall=48.16s turns=1 loc=4
[5/115] sweep1--sol--low--bare--t1-ts-b--r1 ...
    pass=True reason=ok tok_in=91825 tok_out=1003 wall=31.07s turns=1 loc=1463
[6/115] sweep1--fable--high--bare--t2-ts-a--r1 ...
    pass=True reason=ok tok_in=19395 tok_out=3589 wall=68.74s turns=6 loc=1490
[7/115] sweep1--fable--medium--bare--t2-ts-a--r1 ...
    pass=True reason=ok tok_in=19350 tok_out=3694 wall=124.12s turns=6 loc=1482
[8/115] sweep1--sol--high--bare--t2-ts-a--r1 ...
    pass=True reason=ok tok_in=220083 tok_out=4152 wall=124.41s turns=1 loc=31
[9/115] sweep1--sol--medium--bare--t2-ts-a--r1 ...
    pass=True reason=ok tok_in=209273 tok_out=3344 wall=80.07s turns=1 loc=31
[10/115] sweep1--sol--low--bare--t2-ts-a--r1 ...
    pass=True reason=ok tok_in=94719 tok_out=1447 wall=37.43s turns=1 loc=1481
[11/115] sweep1--fable--high--bare--t2-py-b--r1 ...
    pass=True reason=ok tok_in=19418 tok_out=3113 wall=61.59s turns=7 loc=42
[12/115] sweep1--fable--medium--bare--t2-py-b--r1 ...
    pass=True reason=ok tok_in=19416 tok_out=2326 wall=81.12s turns=8 loc=38
[13/115] sweep1--sol--high--bare--t2-py-b--r1 ...
    pass=True reason=ok tok_in=119203 tok_out=2263 wall=52.51s turns=1 loc=56
[14/115] sweep1--sol--medium--bare--t2-py-b--r1 ...
    pass=True reason=ok tok_in=162541 tok_out=2120 wall=68.36s turns=1 loc=50
[15/115] sweep1--sol--low--bare--t2-py-b--r1 ...
    pass=True reason=ok tok_in=116973 tok_out=1618 wall=41.91s turns=1 loc=44
[16/115] sweep1--fable--high--bare--t2-py-a--r1 ...
    pass=True reason=ok tok_in=19415 tok_out=2185 wall=52.92s turns=8 loc=63
[17/115] sweep1--fable--medium--bare--t2-py-a--r1 ...
    pass=True reason=ok tok_in=19418 tok_out=1735 wall=61.38s turns=9 loc=51
[18/115] sweep1--sol--high--bare--t2-py-a--r1 ...
    pass=True reason=ok tok_in=175235 tok_out=2326 wall=85.87s turns=1 loc=67
[19/115] sweep1--sol--medium--bare--t2-py-a--r1 ...
    pass=True reason=ok tok_in=149229 tok_out=1815 wall=78.15s turns=1 loc=64
[20/115] sweep1--sol--low--bare--t2-py-a--r1 ...
    pass=True reason=ok tok_in=76990 tok_out=1211 wall=31.24s turns=1 loc=58
[21/115] sweep1--fable--high--bare--t2-ts-b--r1 ...
    pass=True reason=ok tok_in=19417 tok_out=2385 wall=64.37s turns=7 loc=1497
[22/115] sweep1--fable--medium--bare--t2-ts-b--r1 ...
    pass=True reason=ok tok_in=19420 tok_out=2200 wall=96.63s turns=8 loc=1494
[23/115] sweep1--sol--high--bare--t2-ts-b--r1 ...
    pass=True reason=ok tok_in=159549 tok_out=2442 wall=59.12s turns=1 loc=52
[24/115] sweep1--sol--medium--bare--t2-ts-b--r1 ...
    pass=True reason=ok tok_in=136356 tok_out=2382 wall=56.53s turns=1 loc=1508
[25/115] sweep1--sol--low--bare--t2-ts-b--r1 ...
    pass=True reason=ok tok_in=95777 tok_out=1414 wall=33.89s turns=1 loc=1503
[26/115] sweep1--fable--high--bare--t1-ts-a--r1 ...
    pass=True reason=ok tok_in=19363 tok_out=977 wall=38.14s turns=6 loc=1461
[27/115] sweep1--fable--medium--bare--t1-ts-a--r1 ...
    pass=True reason=ok tok_in=19413 tok_out=987 wall=71.69s turns=6 loc=1454
[28/115] sweep1--sol--high--bare--t1-ts-a--r1 ...
    pass=True reason=ok tok_in=180718 tok_out=1797 wall=65.35s turns=1 loc=7
[29/115] sweep1--sol--medium--bare--t1-ts-a--r1 ...
    pass=True reason=ok tok_in=142473 tok_out=1162 wall=37.85s turns=1 loc=9
[30/115] sweep1--sol--low--bare--t1-ts-a--r1 ...
    pass=True reason=ok tok_in=96814 tok_out=795 wall=26.8s turns=1 loc=1463
[31/115] sweep1--fable--high--bare--t1-py-b--r1 ...
    pass=True reason=ok tok_in=19416 tok_out=1104 wall=51.76s turns=6 loc=7
[32/115] sweep1--fable--medium--bare--t1-py-b--r1 ...
    pass=True reason=ok tok_in=19416 tok_out=1108 wall=64.72s turns=6 loc=7
[33/115] sweep1--sol--high--bare--t1-py-b--r1 ...
    pass=True reason=ok tok_in=199697 tok_out=1936 wall=53.63s turns=1 loc=7
[34/115] sweep1--sol--medium--bare--t1-py-b--r1 ...
    pass=True reason=ok tok_in=177052 tok_out=1550 wall=50.21s turns=1 loc=7
[35/115] sweep1--sol--low--bare--t1-py-b--r1 ...
    pass=True reason=ok tok_in=91640 tok_out=638 wall=20.4s turns=1 loc=7
[36/115] sweep1--fable--high--bare--t1-ts-b--r2 ...
    pass=True reason=ok tok_in=19416 tok_out=1990 wall=58.65s turns=6 loc=1465
[37/115] sweep1--fable--medium--bare--t1-ts-b--r2 ...
    pass=True reason=ok tok_in=19410 tok_out=1546 wall=76.14s turns=6 loc=1466
[38/115] sweep1--sol--high--bare--t1-ts-b--r2 ...
    pass=True reason=ok tok_in=209923 tok_out=1858 wall=56.4s turns=1 loc=4
[39/115] sweep1--sol--medium--bare--t1-ts-b--r2 ...
    pass=True reason=ok tok_in=133736 tok_out=1230 wall=37.52s turns=1 loc=8
[40/115] sweep1--sol--low--bare--t1-ts-b--r2 ...
    pass=True reason=ok tok_in=111630 tok_out=1071 wall=32.97s turns=1 loc=8
[41/115] sweep1--fable--high--bare--t2-ts-a--r2 ...
    pass=True reason=ok tok_in=19377 tok_out=3931 wall=73.86s turns=6 loc=1486
[42/115] sweep1--fable--medium--bare--t2-ts-a--r2 ...
    pass=True reason=ok tok_in=19417 tok_out=3379 wall=72.55s turns=7 loc=1484
[43/115] sweep1--sol--high--bare--t2-ts-a--r2 ...
    pass=True reason=ok tok_in=236563 tok_out=3569 wall=150.39s turns=1 loc=27
[44/115] sweep1--sol--medium--bare--t2-ts-a--r2 ...
    pass=True reason=ok tok_in=202064 tok_out=2729 wall=95.16s turns=1 loc=39
[45/115] sweep1--sol--low--bare--t2-ts-a--r2 ...
    pass=True reason=ok tok_in=182051 tok_out=2824 wall=71.67s turns=1 loc=1490
[46/115] sweep1--fable--high--bare--t1-py-a--r2 ...
    pass=True reason=ok tok_in=19382 tok_out=1159 wall=49.77s turns=6 loc=5
[47/115] sweep1--fable--medium--bare--t1-py-a--r2 ...
    pass=True reason=ok tok_in=19415 tok_out=898 wall=44.91s turns=6 loc=5
[48/115] sweep1--sol--high--bare--t1-py-a--r2 ...
    pass=True reason=ok tok_in=232567 tok_out=1920 wall=60.51s turns=1 loc=5
[49/115] sweep1--sol--medium--bare--t1-py-a--r2 ...
    pass=True reason=ok tok_in=131533 tok_out=984 wall=31.16s turns=1 loc=5
[50/115] sweep1--sol--low--bare--t1-py-a--r2 ...
    pass=True reason=ok tok_in=113856 tok_out=827 wall=28.49s turns=1 loc=5
[51/115] sweep1--fable--high--bare--t2-py-b--r2 ...
    pass=True reason=ok tok_in=19415 tok_out=2844 wall=61.62s turns=7 loc=52
[52/115] sweep1--fable--medium--bare--t2-py-b--r2 ...
    pass=True reason=ok tok_in=19413 tok_out=2386 wall=96.5s turns=9 loc=38
[53/115] sweep1--sol--high--bare--t2-py-b--r2 ...
    pass=True reason=ok tok_in=290485 tok_out=3119 wall=144.75s turns=1 loc=53
[54/115] sweep1--sol--medium--bare--t2-py-b--r2 ...
    pass=True reason=ok tok_in=164415 tok_out=2523 wall=66.61s turns=1 loc=60
[55/115] sweep1--sol--low--bare--t2-py-b--r2 ...
    pass=True reason=ok tok_in=97103 tok_out=1596 wall=38.56s turns=1 loc=50
[56/115] sweep1--fable--high--bare--t2-py-a--r2 ...
    pass=True reason=ok tok_in=19418 tok_out=2405 wall=62.14s turns=8 loc=57
[57/115] sweep1--fable--medium--bare--t2-py-a--r2 ...
    pass=True reason=ok tok_in=19557 tok_out=3138 wall=85.5s turns=11 loc=49
[58/115] sweep1--sol--high--bare--t2-py-a--r2 ...
    pass=True reason=ok tok_in=131495 tok_out=1997 wall=85.66s turns=1 loc=72
[59/115] sweep1--sol--medium--bare--t2-py-a--r2 ...
    pass=True reason=ok tok_in=98445 tok_out=1427 wall=37.69s turns=1 loc=58
[60/115] sweep1--sol--low--bare--t2-py-a--r2 ...
    pass=True reason=ok tok_in=76662 tok_out=1128 wall=31.36s turns=1 loc=57
[61/115] sweep1--fable--high--bare--t2-ts-b--r2 ...
    pass=True reason=ok tok_in=19413 tok_out=2017 wall=58.44s turns=6 loc=1503
[62/115] sweep1--fable--medium--bare--t2-ts-b--r2 ...
    pass=True reason=ok tok_in=19369 tok_out=2941 wall=109.84s turns=8 loc=1493
[63/115] sweep1--sol--high--bare--t2-ts-b--r2 ...
    pass=True reason=ok tok_in=159645 tok_out=2755 wall=67.21s turns=1 loc=51
[64/115] sweep1--sol--medium--bare--t2-ts-b--r2 ...
    pass=True reason=ok tok_in=153682 tok_out=2025 wall=60.82s turns=1 loc=47
[65/115] sweep1--sol--low--bare--t2-ts-b--r2 ...
    pass=True reason=ok tok_in=96967 tok_out=1405 wall=39.83s turns=1 loc=1502
[66/115] sweep1--fable--high--bare--t1-ts-a--r2 ...
    pass=True reason=ok tok_in=19416 tok_out=1002 wall=40.85s turns=6 loc=1461
[67/115] sweep1--fable--medium--bare--t1-ts-a--r2 ...
    pass=True reason=ok tok_in=19418 tok_out=1024 wall=45.15s turns=6 loc=1454
[68/115] sweep1--sol--high--bare--t1-ts-a--r2 ...
    pass=True reason=ok tok_in=225774 tok_out=1678 wall=94.7s turns=1 loc=7
[69/115] sweep1--sol--medium--bare--t1-ts-a--r2 ...
    pass=True reason=ok tok_in=133477 tok_out=1243 wall=40.57s turns=1 loc=7
[70/115] sweep1--sol--low--bare--t1-ts-a--r2 ...
    pass=True reason=ok tok_in=92253 tok_out=672 wall=32.48s turns=1 loc=1461
[71/115] sweep1--fable--high--bare--t1-py-b--r2 ...
    pass=True reason=ok tok_in=19382 tok_out=1533 wall=58.97s turns=8 loc=7
[72/115] sweep1--fable--medium--bare--t1-py-b--r2 ...
    pass=True reason=ok tok_in=19360 tok_out=1016 wall=46.31s turns=6 loc=7
[73/115] sweep1--sol--high--bare--t1-py-b--r2 ...
    pass=True reason=ok tok_in=170159 tok_out=1408 wall=41.27s turns=1 loc=7
[74/115] sweep1--sol--medium--bare--t1-py-b--r2 ...
    pass=True reason=ok tok_in=134596 tok_out=1164 wall=39.62s turns=1 loc=7
[75/115] sweep1--sol--low--bare--t1-py-b--r2 ...
    pass=True reason=ok tok_in=126841 tok_out=949 wall=34.89s turns=1 loc=7
[76/115] sweep1--fable--high--bare--t1-ts-b--r3 ...
    pass=True reason=ok tok_in=19380 tok_out=1999 wall=60.64s turns=6 loc=1468
[77/115] sweep1--fable--medium--bare--t1-ts-b--r3 ...
    pass=True reason=ok tok_in=19413 tok_out=1525 wall=51.11s turns=6 loc=1465
[78/115] sweep1--sol--high--bare--t1-ts-b--r3 ...
    pass=True reason=ok tok_in=174089 tok_out=1706 wall=63.71s turns=1 loc=8
[79/115] sweep1--sol--medium--bare--t1-ts-b--r3 ...
    pass=True reason=ok tok_in=154067 tok_out=1749 wall=69.02s turns=1 loc=9
[80/115] sweep1--sol--low--bare--t1-ts-b--r3 ...
    pass=True reason=ok tok_in=91148 tok_out=725 wall=30.91s turns=1 loc=1458
[81/115] sweep1--fable--high--bare--t2-ts-a--r3 ...
    pass=True reason=ok tok_in=19416 tok_out=2853 wall=71.44s turns=6 loc=1484
[82/115] sweep1--fable--medium--bare--t2-ts-a--r3 ...
    pass=True reason=ok tok_in=19381 tok_out=3210 wall=71.97s turns=7 loc=1484
[83/115] sweep1--sol--high--bare--t2-ts-a--r3 ...
    pass=True reason=ok tok_in=352971 tok_out=4330 wall=161.76s turns=1 loc=33
[84/115] sweep1--sol--medium--bare--t2-ts-a--r3 ...
    pass=True reason=ok tok_in=210852 tok_out=3847 wall=106.69s turns=1 loc=34
[85/115] sweep1--sol--low--bare--t2-ts-a--r3 ...
    pass=True reason=ok tok_in=94669 tok_out=1490 wall=49.43s turns=1 loc=1481
[86/115] sweep1--fable--high--bare--t1-py-a--r3 ...
    pass=True reason=ok tok_in=19402 tok_out=1136 wall=49.71s turns=6 loc=5
[87/115] sweep1--fable--medium--bare--t1-py-a--r3 ...
    pass=True reason=ok tok_in=19416 tok_out=1193 wall=72.93s turns=8 loc=5
[88/115] sweep1--sol--high--bare--t1-py-a--r3 ...
    pass=True reason=ok tok_in=136695 tok_out=1277 wall=59.5s turns=1 loc=5
[89/115] sweep1--sol--medium--bare--t1-py-a--r3 ...
    pass=True reason=ok tok_in=75344 tok_out=770 wall=46.42s turns=1 loc=5
[90/115] sweep1--sol--low--bare--t1-py-a--r3 ...
    pass=True reason=ok tok_in=93251 tok_out=614 wall=28.6s turns=1 loc=5
[91/115] sweep1--fable--high--bare--t2-py-b--r3 ...
    pass=True reason=ok tok_in=17514 tok_out=2862 wall=61.0s turns=6 loc=50
[92/115] sweep1--fable--medium--bare--t2-py-b--r3 ...
    pass=True reason=ok tok_in=17518 tok_out=2198 wall=64.07s turns=8 loc=35
[93/115] sweep1--sol--high--bare--t2-py-b--r3 ...
    pass=True reason=ok tok_in=165853 tok_out=3070 wall=72.29s turns=1 loc=53
[94/115] sweep1--sol--medium--bare--t2-py-b--r3 ...
    pass=True reason=ok tok_in=139876 tok_out=2498 wall=71.66s turns=1 loc=53
[95/115] sweep1--sol--low--bare--t2-py-b--r3 ...
    pass=True reason=ok tok_in=112795 tok_out=1506 wall=47.81s turns=1 loc=47
[96/115] sweep1--fable--high--bare--t2-py-a--r3 ...
    pass=True reason=ok tok_in=17639 tok_out=2172 wall=64.19s turns=9 loc=57
[97/115] sweep1--fable--medium--bare--t2-py-a--r3 ...
    pass=True reason=ok tok_in=17520 tok_out=2420 wall=77.81s turns=8 loc=58
[98/115] sweep1--sol--high--bare--t2-py-a--r3 ...
    pass=True reason=ok tok_in=99063 tok_out=1766 wall=45.31s turns=1 loc=59
[99/115] sweep1--sol--medium--bare--t2-py-a--r3 ...
    pass=True reason=ok tok_in=98313 tok_out=1375 wall=35.98s turns=1 loc=58
[100/115] sweep1--sol--low--bare--t2-py-a--r3 ...
    pass=True reason=ok tok_in=76816 tok_out=1119 wall=29.89s turns=1 loc=57
[101/115] sweep1--fable--high--bare--t2-ts-b--r3 ...
    pass=True reason=ok tok_in=17617 tok_out=2777 wall=70.36s turns=8 loc=1493
[102/115] sweep1--fable--medium--bare--t2-ts-b--r3 ...
    pass=True reason=ok tok_in=17534 tok_out=2679 wall=64.78s turns=7 loc=1496
[103/115] sweep1--sol--high--bare--t2-ts-b--r3 ...
    pass=True reason=ok tok_in=227309 tok_out=3233 wall=86.05s turns=1 loc=48
[104/115] sweep1--sol--medium--bare--t2-ts-b--r3 ...
    pass=True reason=ok tok_in=115851 tok_out=2069 wall=49.83s turns=1 loc=1505
[105/115] sweep1--sol--low--bare--t2-ts-b--r3 ...
    pass=True reason=ok tok_in=135303 tok_out=1645 wall=43.65s turns=1 loc=41
[106/115] sweep1--fable--high--bare--t1-ts-a--r3 ...
    pass=True reason=ok tok_in=17430 tok_out=1005 wall=40.53s turns=6 loc=1461
[107/115] sweep1--fable--medium--bare--t1-ts-a--r3 ...
    pass=True reason=ok tok_in=17427 tok_out=958 wall=45.24s turns=6 loc=1461
[108/115] sweep1--sol--high--bare--t1-ts-a--r3 ...
    pass=True reason=ok tok_in=120589 tok_out=1249 wall=38.05s turns=1 loc=9
[109/115] sweep1--sol--medium--bare--t1-ts-a--r3 ...
    pass=True reason=ok tok_in=97895 tok_out=882 wall=27.96s turns=1 loc=1463
[110/115] sweep1--sol--low--bare--t1-ts-a--r3 ...
    pass=True reason=ok tok_in=97941 tok_out=793 wall=28.06s turns=1 loc=1464
[111/115] sweep1--fable--high--bare--t1-py-b--r3 ...
    pass=True reason=ok tok_in=17537 tok_out=1044 wall=36.57s turns=6 loc=7
[112/115] sweep1--fable--medium--bare--t1-py-b--r3 ...
    pass=True reason=ok tok_in=17534 tok_out=1039 wall=35.74s turns=6 loc=7
[113/115] sweep1--sol--high--bare--t1-py-b--r3 ...
    pass=True reason=ok tok_in=131969 tok_out=1227 wall=53.62s turns=1 loc=7
[114/115] sweep1--sol--medium--bare--t1-py-b--r3 ...
    pass=True reason=ok tok_in=112436 tok_out=895 wall=31.21s turns=1 loc=7
[115/115] sweep1--sol--low--bare--t1-py-b--r3 ...
    pass=True reason=ok tok_in=91813 tok_out=598 wall=22.84s turns=1 loc=7
total=34 pending=34 already_done=0 mock=0
[1/34] sweep2a--fable--medium--harness--t2-ts-a--r1 ...
    pass=True reason=ok tok_in=18803 tok_out=2738 wall=114.34s turns=6 loc=29
[2/34] sweep2a--sol--low--harness--t2-ts-a--r1 ...
    pass=True reason=ok tok_in=303544 tok_out=3242 wall=88.12s turns=1 loc=46
[3/34] sweep2a--fable--medium--harness--t2-ts-b--r1 ...
    pass=True reason=ok tok_in=17357 tok_out=2019 wall=57.06s turns=7 loc=38
[4/34] sweep2a--sol--low--harness--t2-ts-b--r1 ...
    pass=True reason=ok tok_in=189035 tok_out=2705 wall=69.19s turns=1 loc=60
[5/34] sweep2a--fable--medium--harness--t2-py-b--r1 ...
    pass=True reason=ok tok_in=16913 tok_out=3534 wall=123.36s turns=9 loc=49
[6/34] sweep2a--sol--low--harness--t2-py-b--r1 ...
    pass=True reason=ok tok_in=191817 tok_out=2337 wall=127.98s turns=1 loc=54
[7/34] sweep2a--fable--medium--harness--t2-py-a--r1 ...
    pass=True reason=ok tok_in=16997 tok_out=3378 wall=81.92s turns=11 loc=55
[8/34] sweep2a--sol--low--harness--t2-py-a--r1 ...
    pass=True reason=ok tok_in=148062 tok_out=2382 wall=83.64s turns=1 loc=65
[9/34] sweep2a--fable--medium--harness--t2-ts-a--r2 ...
    pass=True reason=ok tok_in=17223 tok_out=3057 wall=80.76s turns=10 loc=41
[10/34] sweep2a--sol--low--harness--t2-ts-a--r2 ...
    pass=True reason=ok tok_in=247660 tok_out=2884 wall=109.58s turns=1 loc=39
[11/34] sweep2a--fable--medium--harness--t2-ts-b--r2 ...
    pass=True reason=ok tok_in=17098 tok_out=3350 wall=87.61s turns=9 loc=42
[12/34] sweep2a--sol--low--harness--t2-ts-b--r2 ...
    pass=True reason=ok tok_in=187726 tok_out=2255 wall=127.63s turns=1 loc=47
[13/34] sweep2a--fable--medium--harness--t2-py-b--r2 ...
    pass=True reason=ok tok_in=17223 tok_out=3718 wall=82.98s turns=13 loc=54
[14/34] sweep2a--sol--low--harness--t2-py-b--r2 ...
    pass=True reason=ok tok_in=238352 tok_out=2796 wall=94.22s turns=1 loc=55
[15/34] sweep2a--fable--medium--harness--t2-py-a--r2 ...
    pass=True reason=ok tok_in=17228 tok_out=3377 wall=73.36s turns=11 loc=53
[16/34] sweep2a--sol--low--harness--t2-py-a--r2 ...
    pass=True reason=ok tok_in=166691 tok_out=2173 wall=86.07s turns=1 loc=62
[17/34] sweep2a--fable--medium--harness--t2-ts-a--r3 ...
    pass=True reason=ok tok_in=17090 tok_out=2357 wall=57.27s turns=6 loc=36
[18/34] sweep2a--sol--low--harness--t2-ts-a--r3 ...
    pass=True reason=ok tok_in=333588 tok_out=4262 wall=142.87s turns=1 loc=34
[19/34] sweep2a--fable--medium--harness--t2-ts-b--r3 ...
    pass=True reason=ok tok_in=17097 tok_out=3001 wall=67.25s turns=7 loc=45
[20/34] sweep2a--sol--low--harness--t2-ts-b--r3 ...
    pass=True reason=ok tok_in=163121 tok_out=2406 wall=75.65s turns=1 loc=51
[21/34] sweep2a--fable--medium--harness--t2-py-b--r3 ...
    pass=True reason=ok tok_in=17231 tok_out=3910 wall=85.18s turns=13 loc=62
[22/34] sweep2a--sol--low--harness--t2-py-b--r3 ...
    pass=True reason=ok tok_in=238487 tok_out=2677 wall=107.78s turns=1 loc=53
[23/34] sweep2a--fable--medium--harness--t2-py-a--r3 ...
    pass=True reason=ok tok_in=17233 tok_out=3061 wall=88.16s turns=12 loc=55
[24/34] sweep2a--sol--low--harness--t2-py-a--r3 ...
    pass=True reason=ok tok_in=187552 tok_out=2117 wall=88.22s turns=1 loc=63
[25/34] sweep2b--fable--medium--bare--t3-a--r1 ...
    pass=True reason=cli_error tok_in=14617 tok_out=2026 wall=33.38s turns=3 loc=119
[26/34] sweep2b--fable--medium--harness--t3-a--r1 ...
    pass=False reason=cli_error tok_in=0 tok_out=0 wall=2.32s turns=1 loc=0
[27/34] sweep2b--sol--low--bare--t3-a--r1 ...
    pass=True reason=ok tok_in=78631 tok_out=2233 wall=50.57s turns=1 loc=144
[28/34] sweep2b--sol--low--harness--t3-a--r1 ...
    pass=True reason=ok tok_in=193229 tok_out=3436 wall=122.69s turns=1 loc=149
[29/34] sweep2b--fable--medium--bare--t3-a--r2 ...
    pass=True reason=ok tok_in=17088 tok_out=2088 wall=49.66s turns=4 loc=125
[30/34] sweep2b--fable--medium--harness--t3-a--r2 ...
    pass=True reason=ok tok_in=17094 tok_out=2461 wall=77.92s turns=4 loc=123
[31/34] sweep2b--sol--low--bare--t3-a--r2 ...
    pass=True reason=ok tok_in=119434 tok_out=2700 wall=74.8s turns=1 loc=158
[32/34] sweep2b--sol--low--harness--t3-a--r2 ...
    pass=True reason=ok tok_in=195818 tok_out=3326 wall=109.9s turns=1 loc=157
[33/34] sweep2c--hybrid--medium--harness--t3-a--r1 ...
    pass=False reason=ok tok_in=16957 tok_out=2214 wall=671.35s turns=6 loc=8
[34/34] sweep2c--hybrid--medium--harness--t3-a--r2 ...
    pass=False reason=ok tok_in=16800 tok_out=2240 wall=661.41s turns=6 loc=11
total=1 pending=1 already_done=0 mock=0
[1/1] sweep2b--fable--medium--harness--t3-a--r1 ...
    pass=True reason=ok tok_in=16703 tok_out=3158 wall=81.02s turns=5 loc=140
total=2 pending=2 already_done=0 mock=0
[1/2] sweep2c--hybrid--medium--harness--t3-a--r1 ...
    pass=True reason=ok tok_in=16838 tok_out=6111 wall=298.86s turns=12 loc=176
[2/2] sweep2c--hybrid--medium--harness--t3-a--r2 ...
    pass=True reason=ok tok_in=16840 tok_out=5537 wall=202.95s turns=9 loc=158
