total=40 pending=40 already_done=0 mock=0
[1/40] kimi-s1--kimi--max--bare--t1-py-a--r1 ...
    pass=True reason=ok tok_in=31919 tok_out=1017 wall=76.26s turns=8 loc=7 kimi_spend=$0.111/12.00
[2/40] kimi-s1--kimi--max--bare--t1-ts-a--r1 ...
    pass=True reason=ok tok_in=36938 tok_out=950 wall=63.23s turns=7 loc=7 kimi_spend=$0.236/12.00
[3/40] kimi-s1--kimi--max--bare--t1-ts-b--r1 ...
    pass=True reason=ok tok_in=30280 tok_out=951 wall=67.84s turns=6 loc=4 kimi_spend=$0.341/12.00
[4/40] kimi-s1--kimi--max--bare--t2-py-b--r1 ...
    pass=True reason=ok tok_in=12800 tok_out=2333 wall=112.98s turns=9 loc=49 kimi_spend=$0.415/12.00
[5/40] kimi-s1--kimi--max--bare--t2-ts-a--r1 ...
    pass=True reason=ok tok_in=38905 tok_out=2564 wall=98.65s turns=9 loc=43 kimi_spend=$0.570/12.00
[6/40] kimi-s1--kimi--max--bare--t1-py-b--r1 ...
    pass=True reason=ok tok_in=37478 tok_out=1236 wall=60.83s turns=9 loc=7 kimi_spend=$0.701/12.00
[7/40] kimi-s1--kimi--max--bare--t2-py-a--r1 ...
    pass=False reason=cli_error tok_in=0 tok_out=0 wall=189.37s turns=1 loc=0 kimi_spend=$0.701/12.00
[8/40] kimi-s1--kimi--max--bare--t2-ts-b--r1 ...
    pass=True reason=ok tok_in=31295 tok_out=1405 wall=212.53s turns=7 loc=40 kimi_spend=$0.816/12.00
[9/40] kimi-s1--kimi--max--bare--t1-py-a--r2 ...
    pass=True reason=ok tok_in=36940 tok_out=945 wall=60.77s turns=8 loc=7 kimi_spend=$0.941/12.00
[10/40] kimi-s1--kimi--max--bare--t1-ts-a--r2 ...
    pass=True reason=ok tok_in=36380 tok_out=847 wall=51.63s turns=6 loc=9 kimi_spend=$1.063/12.00
[11/40] kimi-s1--kimi--max--bare--t1-ts-b--r2 ...
    pass=True reason=ok tok_in=37230 tok_out=1984 wall=110.63s turns=8 loc=4 kimi_spend=$1.204/12.00
[12/40] kimi-s1--kimi--max--bare--t2-py-b--r2 ...
    pass=True reason=ok tok_in=31093 tok_out=2219 wall=88.2s turns=8 loc=54 kimi_spend=$1.331/12.00
[13/40] kimi-s1--kimi--max--bare--t2-ts-a--r2 ...
    pass=True reason=ok tok_in=38608 tok_out=2445 wall=97.01s turns=9 loc=40 kimi_spend=$1.483/12.00
[14/40] kimi-s1--kimi--max--bare--t1-py-b--r2 ...
    pass=True reason=ok tok_in=36216 tok_out=970 wall=62.68s turns=7 loc=7 kimi_spend=$1.606/12.00
[15/40] kimi-s1--kimi--max--bare--t2-py-a--r2 ...
    pass=True reason=ok tok_in=37896 tok_out=1470 wall=59.75s turns=8 loc=71 kimi_spend=$1.742/12.00
[16/40] kimi-s1--kimi--max--bare--t2-ts-b--r2 ...
    pass=True reason=ok tok_in=38255 tok_out=2802 wall=101.83s turns=7 loc=46 kimi_spend=$1.899/12.00
[17/40] kimi-s1--kimi--max--bare--t1-py-a--r3 ...
    pass=True reason=ok tok_in=36534 tok_out=867 wall=56.47s turns=7 loc=5 kimi_spend=$2.021/12.00
[18/40] kimi-s1--kimi--max--bare--t1-ts-a--r3 ...
    pass=True reason=ok tok_in=37866 tok_out=1309 wall=57.78s turns=8 loc=10 kimi_spend=$2.155/12.00
[19/40] kimi-s1--kimi--max--bare--t1-ts-b--r3 ...
    pass=True reason=ok tok_in=36484 tok_out=1259 wall=69.65s turns=8 loc=4 kimi_spend=$2.283/12.00
[20/40] kimi-s1--kimi--max--bare--t2-py-b--r3 ...
    pass=True reason=ok tok_in=38677 tok_out=2643 wall=88.09s turns=8 loc=48 kimi_spend=$2.439/12.00
[21/40] kimi-s1--kimi--max--bare--t2-ts-a--r3 ...
    pass=True reason=ok tok_in=39917 tok_out=2225 wall=80.45s turns=7 loc=39 kimi_spend=$2.592/12.00
[22/40] kimi-s1--kimi--max--bare--t1-py-b--r3 ...
    pass=True reason=ok tok_in=36395 tok_out=1174 wall=72.62s turns=10 loc=7 kimi_spend=$2.719/12.00
[23/40] kimi-s1--kimi--max--bare--t2-py-a--r3 ...
    pass=True reason=ok tok_in=40447 tok_out=2156 wall=79.8s turns=9 loc=67 kimi_spend=$2.872/12.00
[24/40] kimi-s1--kimi--max--bare--t2-ts-b--r3 ...
    pass=True reason=ok tok_in=37027 tok_out=1228 wall=60.03s turns=7 loc=42 kimi_spend=$3.002/12.00
[25/40] kimi-s2a--kimi--max--harness--t2-py-b--r1 ...
    pass=True reason=ok tok_in=40241 tok_out=3019 wall=110.12s turns=12 loc=57 kimi_spend=$3.168/12.00
[26/40] kimi-s2a--kimi--max--harness--t2-py-a--r1 ...
    pass=True reason=ok tok_in=38497 tok_out=1969 wall=67.73s turns=9 loc=79 kimi_spend=$3.313/12.00
[27/40] kimi-s2a--kimi--max--harness--t2-ts-b--r1 ...
    pass=True reason=ok tok_in=38233 tok_out=1583 wall=70.89s turns=7 loc=52 kimi_spend=$3.451/12.00
[28/40] kimi-s2a--kimi--max--harness--t2-ts-a--r1 ...
    pass=True reason=ok tok_in=39803 tok_out=2976 wall=111.51s turns=12 loc=48 kimi_spend=$3.615/12.00
[29/40] kimi-s2a--kimi--max--harness--t2-py-b--r2 ...
    pass=True reason=ok tok_in=39320 tok_out=2501 wall=115.75s turns=8 loc=61 kimi_spend=$3.771/12.00
[30/40] kimi-s2a--kimi--max--harness--t2-py-a--r2 ...
    pass=True reason=ok tok_in=39843 tok_out=2416 wall=101.84s turns=11 loc=80 kimi_spend=$3.926/12.00
[31/40] kimi-s2a--kimi--max--harness--t2-ts-b--r2 ...
    pass=True reason=ok tok_in=39363 tok_out=2728 wall=108.1s turns=9 loc=52 kimi_spend=$4.086/12.00
[32/40] kimi-s2a--kimi--max--harness--t2-ts-a--r2 ...
    pass=True reason=ok tok_in=42716 tok_out=5795 wall=186.79s turns=13 loc=58 kimi_spend=$4.301/12.00
[33/40] kimi-s2a--kimi--max--harness--t2-py-b--r3 ...
    pass=True reason=ok tok_in=14791 tok_out=3527 wall=145.49s turns=10 loc=53 kimi_spend=$4.398/12.00
[34/40] kimi-s2a--kimi--max--harness--t2-py-a--r3 ...
    pass=True reason=ok tok_in=41800 tok_out=3461 wall=149.15s turns=14 loc=95 kimi_spend=$4.575/12.00
[35/40] kimi-s2a--kimi--max--harness--t2-ts-b--r3 ...
    pass=True reason=ok tok_in=39347 tok_out=2758 wall=107.62s turns=10 loc=50 kimi_spend=$4.735/12.00
[36/40] kimi-s2a--kimi--max--harness--t2-ts-a--r3 ...
    pass=True reason=ok tok_in=42681 tok_out=4989 wall=174.42s turns=13 loc=55 kimi_spend=$4.937/12.00
[37/40] kimi-s2b--kimi--max--bare--t3-a--r1 ...
    pass=True reason=ok tok_in=38992 tok_out=3740 wall=127.76s turns=5 loc=172 kimi_spend=$5.111/12.00
[38/40] kimi-s2b--kimi--max--harness--t3-a--r1 ...
    pass=True reason=ok tok_in=39143 tok_out=5604 wall=199.14s turns=11 loc=169 kimi_spend=$5.312/12.00
[39/40] kimi-s2b--kimi--max--bare--t3-a--r2 ...
    pass=True reason=ok tok_in=30963 tok_out=2565 wall=89.06s turns=6 loc=186 kimi_spend=$5.443/12.00
[40/40] kimi-s2b--kimi--max--harness--t3-a--r2 ...
    pass=True reason=cli_error tok_in=42195 tok_out=2950 wall=281.54s turns=6 loc=172 kimi_spend=$5.614/12.00
